lcd_16x2.c:27:6:LCD1602_EnablePulse	8	static
lcd_16x2.c:35:6:LCD1602_RS	16	static
lcd_16x2.c:42:6:LCD1602_write	24	static
lcd_16x2.c:83:6:LCD1602_TIM_Config	48	static
lcd_16x2.c:117:6:LCD1602_TIM_MicorSecDelay	16	static
lcd_16x2.c:125:6:LCD1602_writeCommand	16	static
lcd_16x2.c:133:6:LCD1602_writeData	16	static
lcd_16x2.c:141:6:LCD1602_write4bitCommand	24	static
lcd_16x2.c:157:6:LCD1602_Begin8BIT	24	static
lcd_16x2.c:199:6:LCD1602_Begin4BIT	24	static
lcd_16x2.c:239:6:LCD1602_print	24	static
lcd_16x2.c:247:6:LCD1602_setCursor	24	static
lcd_16x2.c:262:6:LCD1602_1stLine	8	static
lcd_16x2.c:266:6:LCD1602_2ndLine	8	static
lcd_16x2.c:271:6:LCD1602_TwoLines	8	static
lcd_16x2.c:276:6:LCD1602_OneLine	8	static
lcd_16x2.c:282:6:LCD1602_noCursor	8	static
lcd_16x2.c:287:6:LCD1602_cursor	8	static
lcd_16x2.c:293:6:LCD1602_clear	8	static
lcd_16x2.c:299:6:LCD1602_noBlink	8	static
lcd_16x2.c:304:6:LCD1602_blink	8	static
lcd_16x2.c:310:6:LCD1602_noDisplay	8	static
lcd_16x2.c:315:6:LCD1602_display	8	static
lcd_16x2.c:321:6:LCD1602_shiftToRight	24	static
lcd_16x2.c:328:6:LCD1602_shiftToLeft	24	static
lcd_16x2.c:338:6:LCD1602_PrintInt	32	static
